[www.revfine.com/hospitality-industry/index.html]
[backblue.gif]
[fade.gif]
[index.html]
[www.revfine.com/wp-content/uploads/Revfine-favicon-trans-64.png]
[www.revfine.com/wp-content/uploads/Revfine-favicon-trans-180.png]
[www.revfine.com/wp-content/uploads/Revfine-favicon-trans-120.png]
[www.revfine.com/wp-content/cache/busting/1/wp-includes/css/classic-themes.min-1.css]
[www.revfine.com/hospitality-industry/feed/index.html]
[www.revfine.com/wp-includes/css/dashicons.min.css]
[www.revfine.com/wp-content/cache/min/1/wp-content/plugins/ad-inserter-pro/includes/aos/ai-aos-3c37195de99f61b37319c56cba0d54a0.css]
[www.revfine.com/wp-content/cache/min/1/wp-content/plugins/contact-form-7/includes/css/styles-3b08530ad927fcf93bdef6a2f2847183.css]
[www.revfine.com/wp-content/cache/busting/1/wp-content/plugins/thrive-leads/editor-layouts/css/frontend-3.12.css]
[www.revfine.com/wp-content/cache/min/1/wp-content/plugins/translatepress-multilingual/assets/css/trp-language-switcher-a45987bada107f61d8540eb6097693d5.css]
[www.revfine.com/wp-content/cache/busting/1/wp-content/themes/Avada/assets/css/style.min-7.8.2.css]
[www.revfine.com/wp-content/themes/Avada/assets/images/patterns/pattern1.png]
[www.revfine.com/wp-content/themes/Avada/assets/images/page_title_bg.png]
[www.revfine.com/wp-content/cache/min/1/wp-content/plugins/easy-social-share-buttons3/assets/modules/after-share-actions-243ba6c005f787cccb0f29682c1d05b3.css]
[www.revfine.com/wp-content/cache/busting/1/wp-content/plugins/easy-social-share-buttons3/assets/css/easy-social-share-buttons.min-8.7.css]
[www.revfine.com/wp-content/cache/busting/1/wp-content/themes/Avada/assets/css/media/instagram-md.min-7.8.2.css]
[www.revfine.com/wp-content/cache/busting/1/wp-content/themes/Avada/assets/css/media/instagram-sm.min-7.8.2.css]
[www.revfine.com/wp-content/cache/busting/1/wp-content/themes/Avada/assets/css/media/max-1c.min-7.8.2.css]
[www.revfine.com/wp-content/cache/busting/1/wp-content/themes/Avada/assets/css/media/max-2c.min-7.8.2.css]
[www.revfine.com/wp-content/cache/busting/1/wp-content/themes/Avada/assets/css/media/min-2c-max-3c.min-7.8.2.css]
[www.revfine.com/wp-content/cache/busting/1/wp-content/themes/Avada/assets/css/media/min-3c-max-4c.min-7.8.2.css]
[www.revfine.com/wp-content/cache/busting/1/wp-content/themes/Avada/assets/css/media/min-4c-max-5c.min-7.8.2.css]
[www.revfine.com/wp-content/cache/busting/1/wp-content/themes/Avada/assets/css/media/min-5c-max-6c.min-7.8.2.css]
[www.revfine.com/wp-content/cache/busting/1/wp-content/themes/Avada/assets/css/media/min-shbp.min-7.8.2.css]
[www.revfine.com/wp-content/cache/busting/1/wp-content/themes/Avada/assets/css/media/min-shbp-header-legacy.min-7.8.2.css]
[www.revfine.com/wp-content/cache/busting/1/wp-content/themes/Avada/assets/css/media/max-shbp.min-7.8.2.css]
[www.revfine.com/wp-content/cache/busting/1/wp-content/themes/Avada/assets/css/media/max-shbp-header-legacy.min-7.8.2.css]
[www.revfine.com/wp-content/cache/busting/1/wp-content/themes/Avada/assets/css/media/max-sh-shbp.min-7.8.2.css]
[www.revfine.com/wp-content/cache/busting/1/wp-content/themes/Avada/assets/css/media/max-sh-shbp-header-legacy.min-7.8.2.css]
[www.revfine.com/wp-content/cache/busting/1/wp-content/themes/Avada/assets/css/media/min-768-max-1024-p.min-7.8.2.css]
[www.revfine.com/wp-content/cache/busting/1/wp-content/themes/Avada/assets/css/media/min-768-max-1024-p-header-legacy.min-7.8.2.css]
[www.revfine.com/wp-content/cache/busting/1/wp-content/themes/Avada/assets/css/media/min-768-max-1024-l.min-7.8.2.css]
[www.revfine.com/wp-content/cache/busting/1/wp-content/themes/Avada/assets/css/media/min-768-max-1024-l-header-legacy.min-7.8.2.css]
[www.revfine.com/wp-content/cache/busting/1/wp-content/themes/Avada/assets/css/media/max-sh-cbp.min-7.8.2.css]
[www.revfine.com/wp-content/cache/busting/1/wp-content/themes/Avada/assets/css/media/max-sh-sbp.min-7.8.2.css]
[www.revfine.com/wp-content/cache/busting/1/wp-content/themes/Avada/assets/css/media/max-sh-640.min-7.8.2.css]
[www.revfine.com/wp-content/cache/busting/1/wp-content/themes/Avada/assets/css/media/max-shbp-18.min-7.8.2.css]
[www.revfine.com/wp-content/cache/busting/1/wp-content/themes/Avada/assets/css/media/max-shbp-32.min-7.8.2.css]
[www.revfine.com/wp-content/cache/busting/1/wp-content/themes/Avada/assets/css/media/min-sh-cbp.min-7.8.2.css]
[www.revfine.com/wp-content/cache/busting/1/wp-content/themes/Avada/assets/css/media/max-640.min-7.8.2.css]
[www.revfine.com/wp-content/cache/busting/1/wp-content/themes/Avada/assets/css/media/max-main.min-7.8.2.css]
[www.revfine.com/wp-content/cache/busting/1/wp-content/themes/Avada/assets/css/media/max-cbp.min-7.8.2.css]
[www.revfine.com/wp-content/cache/busting/1/wp-content/themes/Avada/assets/css/media/max-sh-cbp-cf7.min-7.8.2.css]
[www.revfine.com/wp-content/cache/busting/1/wp-content/plugins/fusion-builder/assets/css/media/max-sh-cbp.min-3.8.2.css]
[www.revfine.com/wp-content/cache/busting/1/wp-content/plugins/fusion-builder/assets/css/media/min-768-max-1024-p.min-3.8.2.css]
[www.revfine.com/wp-content/cache/busting/1/wp-content/plugins/fusion-builder/assets/css/media/max-640.min-3.8.2.css]
[www.revfine.com/wp-content/cache/busting/1/wp-content/plugins/fusion-builder/assets/css/media/max-1c-3.8.2.css]
[www.revfine.com/wp-content/cache/busting/1/wp-content/plugins/fusion-builder/assets/css/media/max-2c-3.8.2.css]
[www.revfine.com/wp-content/cache/busting/1/wp-content/plugins/fusion-builder/assets/css/media/min-2c-max-3c-3.8.2.css]
[www.revfine.com/wp-content/cache/busting/1/wp-content/plugins/fusion-builder/assets/css/media/min-3c-max-4c-3.8.2.css]
[www.revfine.com/wp-content/cache/busting/1/wp-content/plugins/fusion-builder/assets/css/media/min-4c-max-5c-3.8.2.css]
[www.revfine.com/wp-content/cache/busting/1/wp-content/plugins/fusion-builder/assets/css/media/min-5c-max-6c-3.8.2.css]
[www.revfine.com/wp-content/cache/busting/1/wp-includes/js/jquery/jquery.min-3.6.1.js]
[www.revfine.com/wp-content/cache/busting/1/wp-includes/js/jquery/jquery-migrate.min-3.3.2.js]
[www.revfine.com/wp-content/cache/busting/1/wp-includes/js/imagesloaded.min-4.1.4.js]
[www.revfine.com/wp-content/cache/busting/1/wp-includes/js/masonry.min-4.2.2.js]
[www.revfine.com/wp-content/cache/busting/1/wp-includes/js/jquery/jquery.masonry.min-3.1.2b.js]
[www.revfine.com/wp-content/cache/busting/1/wp-content/plugins/thrive-leads/tcb/editor/js/dist/modules/general.min-3.14.js]
[www.revfine.com/wp-content/plugins/ad-inserter-pro/css/images/close-button.png]
[www.revfine.com/wp-content/uploads/Revfine-trans-163x70.png]
[www.revfine.com/wp-content/uploads/Revfine-mobile-150-5.png]
[www.revfine.com/wp-content/uploads/Hospitality-industry.jpg]
[www.revfine.com/wp-content/uploads/What-is-the-hospitality-industry.png]
[www.revfine.com/wp-content/uploads/Hospitality-industry-guide-1.jpg]
[www.revfine.com/hospitality-industry/fb-messenger_/share/indexd6a5.html]
[www.revfine.com/wp-content/uploads/Hospitality-segments.jpg]
[www.revfine.com/wp-content/uploads/2020/09/hotel-business.jpg]
[www.revfine.com/wp-content/uploads/2020/04/facebook-hotel-marketing-1.jpg]
[www.revfine.com/wp-content/uploads/2020/09/hotel-investors.jpg]
[www.revfine.com/cdn-cgi/scripts/5c5dd728/cloudflare-static/email-decode.min.js]
[www.revfine.com/wp-content/uploads/2022/10/Expert-Solution-Partners-version-4.jpg]
[www.revfine.com/wp-content/uploads/2022/11/SB-7-Email-Marketing-Tips-for-Hotels-to-Increase-Rerturn-on-Investment.jpg]
[www.revfine.com/wp-content/uploads/2022/11/SB-Tips-to-Optimize-Your-Hotel-Book-Direct-Strategy-With-SEO-and-SEM.jpg]
[www.revfine.com/wp-content/uploads/2022/10/SB-Have-Lodging-Businesses-Outgrown-The-Original-PMS-Concept.jpg]
[www.revfine.com/wp-content/uploads/2022/10/SB-RMS-The-Ultimate-Accelerator-for-Your-Hospitality-Business.jpg]
[www.revfine.com/wp-content/uploads/2021/10/Free-Resources-to-Optimise-Your-Revenue-v2.gif]
[www.revfine.com/wp-content/uploads/2021/07/Sidebar-The-Top-10-version-GIF-1.gif]
[www.revfine.com/wp-content/uploads/Revfine-footer.png]
[www.revfine.com/wp-includes/css/dist/block-library/style.min.css]
[www.revfine.com/wp-content/cache/min/1/wp-content/plugins/ad-inserter-pro/includes/aos/aos-8f66f99e5fa749fa7563d1d6ebf9be91.js]
[www.revfine.com/wp-content/cache/min/1/wp-content/plugins/contact-form-7/includes/swv/js/index-86f5f6cc8e9a1f55940c6823b1a1e928.js]
[www.revfine.com/wp-content/cache/min/1/wp-content/plugins/contact-form-7/includes/js/index-eba70a634246219156348e86aabfabaf.js]
[www.revfine.com/wp-content/cache/busting/1/wp-content/plugins/thrive-leads/js/frontend.min-3.12.js]
[www.revfine.com/wp-includes/js/comment-reply.min.js]
[www.revfine.com/wp-content/cache/busting/1/wp-content/plugins/thrive-leads/thrive-dashboard/js/dist/frontend.min-3.12.js]
[www.google.com/recaptcha/api526b.js]
[www.revfine.com/wp-content/cache/busting/1/wp-includes/js/dist/vendor/regenerator-runtime.min-0.13.9.js]
[www.revfine.com/wp-content/cache/busting/1/wp-includes/js/dist/vendor/wp-polyfill.min-3.15.0.js]
[www.revfine.com/wp-content/cache/min/1/wp-content/plugins/contact-form-7/modules/recaptcha/index-bdaa37f5e5c1eafbba116c419333f693.js]
[www.revfine.com/wp-content/cache/min/1/wp-content/plugins/akismet/_inc/akismet-frontend-579795dde00e66d8e7120e2029aac7b0.js]
[platform.linkedin.com/in.js]
[www.revfine.com/wp-content/cache/busting/1/wp-content/uploads/fusion-scripts/7cd6f5443f55ac80db0219ea776c1aad.min-3.8.2.js]
[www.revfine.com/wp-content/plugins/easy-social-share-buttons3/assets/js/essb-core.min.js]
[www.revfine.com/wp-includes/js/jquery/jquery.mina7a0.js]
[www.revfine.com/wp-includes/js/jquery/jquery-migrate.min9b2d.js]
[www.revfine.com/hospitality-industry/index.html]
[www.revfine.com/hospitality-industry/feed/index.html]
[www.revfine.com/wp-content/cache/busting/1/wp-includes/css/classic-themes.min-1.css]
[www.revfine.com/wp-includes/css/dashicons.min.css]
[www.revfine.com/wp-content/cache/min/1/wp-content/plugins/ad-inserter-pro/includes/aos/ai-aos-3c37195de99f61b37319c56cba0d54a0.css]
[www.revfine.com/wp-content/cache/min/1/wp-content/plugins/contact-form-7/includes/css/styles-3b08530ad927fcf93bdef6a2f2847183.css]
[www.revfine.com/wp-content/cache/busting/1/wp-content/plugins/thrive-leads/editor-layouts/css/frontend-3.12.css]
[www.revfine.com/wp-content/cache/min/1/wp-content/plugins/translatepress-multilingual/assets/css/trp-language-switcher-a45987bada107f61d8540eb6097693d5.css]
[www.revfine.com/wp-content/cache/busting/1/wp-content/themes/Avada/assets/css/style.min-7.8.2.css]
[www.revfine.com/wp-content/themes/Avada/assets/images/patterns/pattern1.html]
[www.revfine.com/wp-content/cache/min/1/wp-content/plugins/easy-social-share-buttons3/assets/modules/after-share-actions-243ba6c005f787cccb0f29682c1d05b3.css]
[www.revfine.com/wp-content/cache/busting/1/wp-content/plugins/easy-social-share-buttons3/assets/css/easy-social-share-buttons.min-8.7.css]
[www.revfine.com/wp-content/cache/busting/1/wp-content/themes/Avada/assets/css/media/instagram-md.min-7.8.2.css]
[www.revfine.com/wp-content/cache/busting/1/wp-content/themes/Avada/assets/css/media/instagram-sm.min-7.8.2.css]
[www.revfine.com/wp-content/cache/busting/1/wp-content/themes/Avada/assets/css/media/max-1c.min-7.8.2.css]
[www.revfine.com/wp-content/cache/busting/1/wp-content/themes/Avada/assets/css/media/max-2c.min-7.8.2.css]
[www.revfine.com/wp-content/cache/busting/1/wp-content/themes/Avada/assets/css/media/min-2c-max-3c.min-7.8.2.css]
[www.revfine.com/wp-content/cache/busting/1/wp-content/themes/Avada/assets/css/media/min-3c-max-4c.min-7.8.2.css]
[www.revfine.com/wp-content/cache/busting/1/wp-content/themes/Avada/assets/css/media/min-4c-max-5c.min-7.8.2.css]
[www.revfine.com/wp-content/cache/busting/1/wp-content/themes/Avada/assets/css/media/min-5c-max-6c.min-7.8.2.css]
[www.revfine.com/wp-content/cache/busting/1/wp-content/themes/Avada/assets/css/media/min-shbp.min-7.8.2.css]
[www.revfine.com/wp-content/cache/busting/1/wp-content/themes/Avada/assets/css/media/min-shbp-header-legacy.min-7.8.2.css]
[www.revfine.com/wp-content/cache/busting/1/wp-content/themes/Avada/assets/css/media/max-shbp.min-7.8.2.css]
[www.revfine.com/wp-content/cache/busting/1/wp-content/themes/Avada/assets/css/media/max-shbp-header-legacy.min-7.8.2.css]
[www.revfine.com/wp-content/cache/busting/1/wp-content/themes/Avada/assets/css/media/max-sh-shbp.min-7.8.2.css]
[www.revfine.com/wp-content/cache/busting/1/wp-content/themes/Avada/assets/css/media/max-sh-shbp-header-legacy.min-7.8.2.css]
[www.revfine.com/wp-content/cache/busting/1/wp-content/themes/Avada/assets/css/media/min-768-max-1024-p.min-7.8.2.css]
[www.revfine.com/wp-content/cache/busting/1/wp-content/themes/Avada/assets/css/media/min-768-max-1024-p-header-legacy.min-7.8.2.css]
[www.revfine.com/wp-content/cache/busting/1/wp-content/themes/Avada/assets/css/media/min-768-max-1024-l.min-7.8.2.css]
[www.revfine.com/wp-content/cache/busting/1/wp-content/themes/Avada/assets/css/media/min-768-max-1024-l-header-legacy.min-7.8.2.css]
[www.revfine.com/wp-content/cache/busting/1/wp-content/themes/Avada/assets/css/media/max-sh-cbp.min-7.8.2.css]
[www.revfine.com/wp-content/cache/busting/1/wp-content/themes/Avada/assets/css/media/max-sh-sbp.min-7.8.2.css]
[www.revfine.com/wp-content/cache/busting/1/wp-content/themes/Avada/assets/css/media/max-sh-640.min-7.8.2.css]
[www.revfine.com/wp-content/cache/busting/1/wp-content/themes/Avada/assets/css/media/max-shbp-18.min-7.8.2.css]
[www.revfine.com/wp-content/cache/busting/1/wp-content/themes/Avada/assets/css/media/max-shbp-32.min-7.8.2.css]
[www.revfine.com/wp-content/cache/busting/1/wp-content/themes/Avada/assets/css/media/min-sh-cbp.min-7.8.2.css]
[www.revfine.com/wp-content/cache/busting/1/wp-content/themes/Avada/assets/css/media/max-640.min-7.8.2.css]
[www.revfine.com/wp-content/cache/busting/1/wp-content/themes/Avada/assets/css/media/max-main.min-7.8.2.css]
[www.revfine.com/wp-content/cache/busting/1/wp-content/themes/Avada/assets/css/media/max-cbp.min-7.8.2.css]
[www.revfine.com/wp-content/cache/busting/1/wp-content/themes/Avada/assets/css/media/max-sh-cbp-cf7.min-7.8.2.css]
[www.revfine.com/wp-content/cache/busting/1/wp-content/plugins/fusion-builder/assets/css/media/max-sh-cbp.min-3.8.2.css]
[www.revfine.com/wp-content/cache/busting/1/wp-content/plugins/fusion-builder/assets/css/media/min-768-max-1024-p.min-3.8.2.css]
[www.revfine.com/wp-content/cache/busting/1/wp-content/plugins/fusion-builder/assets/css/media/max-640.min-3.8.2.css]
[www.revfine.com/wp-content/cache/busting/1/wp-content/plugins/fusion-builder/assets/css/media/max-1c-3.8.2.css]
[www.revfine.com/wp-content/cache/busting/1/wp-content/plugins/fusion-builder/assets/css/media/max-2c-3.8.2.css]
[www.revfine.com/wp-content/cache/busting/1/wp-content/plugins/fusion-builder/assets/css/media/min-2c-max-3c-3.8.2.css]
[www.revfine.com/wp-content/cache/busting/1/wp-content/plugins/fusion-builder/assets/css/media/min-3c-max-4c-3.8.2.css]
[www.revfine.com/wp-content/cache/busting/1/wp-content/plugins/fusion-builder/assets/css/media/min-4c-max-5c-3.8.2.css]
[www.revfine.com/wp-content/cache/busting/1/wp-content/plugins/fusion-builder/assets/css/media/min-5c-max-6c-3.8.2.css]
[www.googletagmanager.com/gtm5445.html]
[www.revfine.com/hospitality-industry/fb-messenger_/share/indexd6a5.html]
[www.revfine.com/wp-content/plugins/wp-rocket/assets/js/lazyload/12.0/lazyload.min.js]
[www.revfine.com/wp-content/uploads/2020/04/facebook-hotel-marketing-1.jpg]
[www.revfine.com/wp-content/uploads/2020/09/hotel-investors.jpg]
